// Jest Snapshot v1, https://goo.gl/fbAQLP

exports[`Feature: Wallet Component: ConnectionModal/Steps/CheckNetwork Scenario: NetworkDetectionFailed should be visible and show error 1`] = `[Function]`;

exports[`Feature: Wallet Component: ConnectionModal/Steps/CheckNetwork Scenario: NetworkSwitchFailed should be visible and show error 1`] = `[Function]`;

exports[`Feature: Wallet Component: ConnectionModal/Steps/CheckNetwork Scenario: NetworkSwitchRejected should be visible and show error 1`] = `[Function]`;

exports[`Feature: Wallet Component: ConnectionModal/Steps/CheckNetwork Scenario: NetworkSwitchRequested should be visible and show error 1`] = `[Function]`;

exports[`Feature: Wallet Component: ConnectionModal/Steps/CheckNetwork Scenario: WrongNetwork should be visible and show error 1`] = `[Function]`;
